[2026-05-08T13:06:37+02:00] sent to=mannujatt321@gmail.com subject=New Event Scheduled - 30 Minute Meeting message=SMTP accepted.
[2026-05-08T13:06:41+02:00] sent to=mannujatt321@gmail.com subject=Meeting Confirmation - 30 Minute Meeting message=SMTP accepted.
[2026-05-20T11:20:07+02:00] failed to=mannujatt321@gmail.com subject=New Event Scheduled - 30 Minute Meeting message=SMTP Error: data not accepted.
[2026-05-20T11:20:10+02:00] failed to=mannujatt321@gmail.com subject=Meeting Confirmation - 30 Minute Meeting message=SMTP Error: data not accepted.
[2026-05-20T11:25:38+02:00] failed to=mannujatt321@gmail.com subject=New Event Scheduled - 30 Minute Meeting message=SMTP Error: data not accepted.
[2026-05-20T11:25:41+02:00] failed to=mannujatt321@gmail.com subject=Meeting Confirmation - 30 Minute Meeting message=SMTP Error: data not accepted.
[2026-05-20T13:11:37+02:00] failed to=mannujatt321@gmail.com subject=New Event Scheduled - 30 Minute Meeting message=SMTP Error: data not accepted. | SMTP Error: data not accepted.SMTP server error: DATA command failed Detail: Daily user sending limit exceeded. For more information on Gmail  sending limits go to   https://support.google.com/a/answer/166852 d2e1a72fcca58-83f2875f0fbsm20080434b3a.57 - gsmtp   SMTP code: 550 Additional SMTP info: 5.4.5
[2026-05-20T13:11:40+02:00] failed to=mannujatt321@gmail.com subject=Meeting Confirmation - 30 Minute Meeting message=SMTP Error: data not accepted. | SMTP Error: data not accepted.SMTP server error: DATA command failed Detail: Daily user sending limit exceeded. For more information on Gmail  sending limits go to   https://support.google.com/a/answer/166852 98e67ed59e1d1-369517a8612sm17458904a91.12 - gsmtp   SMTP code: 550 Additional SMTP info: 5.4.5
[2026-05-20T13:14:19+02:00] failed to=mannujatt321@gmail.com subject=New Event Scheduled - 30 Minute Meeting message=MEETING: SMTP Error: data not accepted. | SMTP Error: data not accepted.SMTP server error: DATA command failed Detail: Daily user sending limit exceeded. For more information on Gmail  sending limits go to   https://support.google.com/a/answer/166852 d9443c01a7336-2bd5c05f727sm225453875ad.19 - gsmtp   SMTP code: 550 Additional SMTP info: 5.4.5 || DEFAULT: SMTP Error: Could not authenticate. | SMTP Error: Could not authenticate.
[2026-05-20T13:14:26+02:00] failed to=mannujatt321@gmail.com subject=Meeting Confirmation - 30 Minute Meeting message=MEETING: SMTP Error: data not accepted. | SMTP Error: data not accepted.SMTP server error: DATA command failed Detail: Daily user sending limit exceeded. For more information on Gmail  sending limits go to   https://support.google.com/a/answer/166852 d9443c01a7336-2bd5d2360e8sm226312855ad.82 - gsmtp   SMTP code: 550 Additional SMTP info: 5.4.5 || DEFAULT: SMTP Error: Could not authenticate. | SMTP Error: Could not authenticate.
[2026-05-20T13:15:16+02:00] failed to=mannujatt321@gmail.com subject=New Event Scheduled - 30 Minute Meeting message=MEETING: SMTP Error: data not accepted. | SMTP Error: data not accepted.SMTP server error: DATA command failed Detail: Daily user sending limit exceeded. For more information on Gmail  sending limits go to   https://support.google.com/a/answer/166852 d2e1a72fcca58-83f19c5b71fsm19689364b3a.29 - gsmtp   SMTP code: 550 Additional SMTP info: 5.4.5 || DEFAULT: SMTP Error: Could not authenticate. | SMTP Error: Could not authenticate.
[2026-05-20T13:15:23+02:00] failed to=mannujatt321@gmail.com subject=Meeting Confirmation - 30 Minute Meeting message=MEETING: SMTP Error: data not accepted. | SMTP Error: data not accepted.SMTP server error: DATA command failed Detail: Daily user sending limit exceeded. For more information on Gmail  sending limits go to   https://support.google.com/a/answer/166852 d9443c01a7336-2bd5bd5f2cesm221190035ad.14 - gsmtp   SMTP code: 550 Additional SMTP info: 5.4.5 || DEFAULT: SMTP Error: Could not authenticate. | SMTP Error: Could not authenticate.
[2026-05-20T13:18:28+02:00] failed to=mannujatt321@gmail.com subject=New Event Scheduled - 30 Minute Meeting message=MEETING: SMTP Error: Could not authenticate. | SMTP Error: Could not authenticate.
[2026-05-20T13:18:32+02:00] failed to=mannujatt321@gmail.com subject=Meeting Confirmation - 30 Minute Meeting message=MEETING: SMTP Error: Could not authenticate. | SMTP Error: Could not authenticate.
[2026-05-20T13:22:01+02:00] failed to=mannujatt321@gmail.com subject=New Event Scheduled - 30 Minute Meeting message=MEETING: SMTP Error: Could not authenticate. | SMTP Error: Could not authenticate.
[2026-05-20T13:22:08+02:00] failed to=mannujatt321@gmail.com subject=Meeting Confirmation - 30 Minute Meeting message=MEETING: SMTP Error: Could not authenticate. | SMTP Error: Could not authenticate.
[2026-05-20T13:22:32+02:00] failed to=mannujatt321@gmail.com subject=New Event Scheduled - 30 Minute Meeting message=MEETING: SMTP Error: Could not authenticate. | SMTP Error: Could not authenticate.
[2026-05-20T13:22:40+02:00] failed to=mannujatt321@gmail.com subject=Meeting Confirmation - 30 Minute Meeting message=MEETING: SMTP Error: Could not authenticate. | SMTP Error: Could not authenticate.
[2026-05-20T13:31:40+02:00] failed to=mannujatt321@gmail.com subject=New Event Scheduled - 30 Minute Meeting message=MEETING: SMTP Error: Could not authenticate. | SMTP Error: Could not authenticate. || MEETING [password-normalized]: SMTP Error: Could not authenticate. | SMTP Error: Could not authenticate.
[2026-05-20T13:31:48+02:00] failed to=mannujatt321@gmail.com subject=Meeting Confirmation - 30 Minute Meeting message=MEETING: SMTP Error: Could not authenticate. | SMTP Error: Could not authenticate. || MEETING [password-normalized]: SMTP Error: Could not authenticate. | SMTP Error: Could not authenticate.
[2026-05-20T13:32:28+02:00] failed to=mannujatt321@gmail.com subject=New Event Scheduled - 30 Minute Meeting message=MEETING: SMTP Error: Could not authenticate. | SMTP Error: Could not authenticate. || MEETING [password-normalized]: SMTP Error: Could not authenticate. | SMTP Error: Could not authenticate.
[2026-05-20T13:32:36+02:00] failed to=mannujatt321@gmail.com subject=Meeting Confirmation - 30 Minute Meeting message=MEETING: SMTP Error: Could not authenticate. | SMTP Error: Could not authenticate. || MEETING [password-normalized]: SMTP Error: Could not authenticate. | SMTP Error: Could not authenticate.
[2026-05-20T13:48:55+02:00] failed to=mannujatt321@gmail.com subject=New Event Scheduled - 30 Minute Meeting message=MEETING: SMTP Error: Could not authenticate. | SMTP Error: Could not authenticate. || MEETING [password-normalized]: SMTP Error: Could not authenticate. | SMTP Error: Could not authenticate.
[2026-05-20T13:49:06+02:00] failed to=mannujatt321@gmail.com subject=Meeting Confirmation - 30 Minute Meeting message=MEETING: SMTP Error: Could not authenticate. | SMTP Error: Could not authenticate. || MEETING [password-normalized]: SMTP Error: Could not authenticate. | SMTP Error: Could not authenticate.
[2026-05-20T13:51:51+02:00] failed to=mannujatt321@gmail.com subject=New Event Scheduled - 30 Minute Meeting message=MEETING: SMTP Error: Could not authenticate. | SMTP Error: Could not authenticate. || MEETING [password-normalized]: SMTP Error: Could not authenticate. | SMTP Error: Could not authenticate.
[2026-05-20T13:51:58+02:00] failed to=mannujatt321@gmail.com subject=Meeting Confirmation - 30 Minute Meeting message=MEETING: SMTP Error: Could not authenticate. | SMTP Error: Could not authenticate. || MEETING [password-normalized]: SMTP Error: Could not authenticate. | SMTP Error: Could not authenticate.
[2026-05-20T13:59:32+02:00] failed to=mannujatt321@gmail.com subject=New Event Scheduled - 30 Minute Meeting message=MEETING: SMTP Error: Could not authenticate. | SMTP Error: Could not authenticate. || MEETING [password-normalized]: SMTP Error: Could not authenticate. | SMTP Error: Could not authenticate.
[2026-05-20T13:59:40+02:00] failed to=mannujatt321@gmail.com subject=Meeting Confirmation - 30 Minute Meeting message=MEETING: SMTP Error: Could not authenticate. | SMTP Error: Could not authenticate. || MEETING [password-normalized]: SMTP Error: Could not authenticate. | SMTP Error: Could not authenticate.
[2026-05-20T14:00:19+02:00] failed to=mannujatt321@gmail.com subject=New Event Scheduled - 30 Minute Meeting message=MEETING: SMTP Error: Could not authenticate. | SMTP Error: Could not authenticate. || MEETING [password-normalized]: SMTP Error: Could not authenticate. | SMTP Error: Could not authenticate.
[2026-05-20T14:00:27+02:00] failed to=mannujatt321@gmail.com subject=Meeting Confirmation - 30 Minute Meeting message=MEETING: SMTP Error: Could not authenticate. | SMTP Error: Could not authenticate. || MEETING [password-normalized]: SMTP Error: Could not authenticate. | SMTP Error: Could not authenticate.
[2026-05-20T14:10:34+02:00] failed to=mannujatt321@gmail.com subject=New Event Scheduled - 30 Minute Meeting message=MEETING: SMTP Error: data not accepted. | SMTP Error: data not accepted.SMTP server error: DATA command failed Detail: Daily user sending limit exceeded. For more information on Gmail  sending limits go to   https://support.google.com/a/answer/166852 41be03b00d2f7-c82bb062e56sm20085225a12.5 - gsmtp   SMTP code: 550 Additional SMTP info: 5.4.5 || MEETING [password-normalized]: SMTP Error: data not accepted. | SMTP Error: data not accepted.SMTP server error: DATA command failed Detail: Daily user sending limit exceeded. For more information on Gmail  sending limits go to   https://support.google.com/a/answer/166852 d9443c01a7336-2bd791e0b06sm200198575ad.22 - gsmtp   SMTP code: 550 Additional SMTP info: 5.4.5
[2026-05-20T14:10:40+02:00] failed to=mannujatt321@gmail.com subject=Meeting Confirmation - 30 Minute Meeting message=MEETING: SMTP Error: data not accepted. | SMTP Error: data not accepted.SMTP server error: DATA command failed Detail: Daily user sending limit exceeded. For more information on Gmail  sending limits go to   https://support.google.com/a/answer/166852 d9443c01a7336-2bdc58575dfsm135432545ad.20 - gsmtp   SMTP code: 550 Additional SMTP info: 5.4.5 || MEETING [password-normalized]: SMTP Error: data not accepted. | SMTP Error: data not accepted.SMTP server error: DATA command failed Detail: Daily user sending limit exceeded. For more information on Gmail  sending limits go to   https://support.google.com/a/answer/166852 d2e1a72fcca58-83f196660f9sm26505075b3a.10 - gsmtp   SMTP code: 550 Additional SMTP info: 5.4.5
[2026-05-20T14:10:58+02:00] failed to=mannujatt321@gmail.com subject=New Event Scheduled - 30 Minute Meeting message=MEETING: SMTP Error: data not accepted. | SMTP Error: data not accepted.SMTP server error: DATA command failed Detail: Daily user sending limit exceeded. For more information on Gmail  sending limits go to   https://support.google.com/a/answer/166852 98e67ed59e1d1-369517aadb1sm16990811a91.9 - gsmtp   SMTP code: 550 Additional SMTP info: 5.4.5 || MEETING [password-normalized]: SMTP Error: data not accepted. | SMTP Error: data not accepted.SMTP server error: DATA command failed Detail: Daily user sending limit exceeded. For more information on Gmail  sending limits go to   https://support.google.com/a/answer/166852 d2e1a72fcca58-83f19f7cca8sm21289940b3a.56 - gsmtp   SMTP code: 550 Additional SMTP info: 5.4.5
[2026-05-20T14:11:04+02:00] failed to=mannujatt321@gmail.com subject=Meeting Confirmation - 30 Minute Meeting message=MEETING: SMTP Error: data not accepted. | SMTP Error: data not accepted.SMTP server error: DATA command failed Detail: Daily user sending limit exceeded. For more information on Gmail  sending limits go to   https://support.google.com/a/answer/166852 d9443c01a7336-2bd5c05f36fsm271994625ad.21 - gsmtp   SMTP code: 550 Additional SMTP info: 5.4.5 || MEETING [password-normalized]: SMTP Error: data not accepted. | SMTP Error: data not accepted.SMTP server error: DATA command failed Detail: Daily user sending limit exceeded. For more information on Gmail  sending limits go to   https://support.google.com/a/answer/166852 98e67ed59e1d1-369514aecaesm17821377a91.17 - gsmtp   SMTP code: 550 Additional SMTP info: 5.4.5
[2026-05-20T14:33:05+02:00] failed to=mannujatt321@gmail.com subject=New Event Scheduled - 30 Minute Meeting message=MEETING: SMTP Error: data not accepted. | SMTP Error: data not accepted.SMTP server error: DATA command failed Detail: Daily user sending limit exceeded. For more information on Gmail  sending limits go to   https://support.google.com/a/answer/166852 d2e1a72fcca58-83f1977b779sm21164826b3a.23 - gsmtp   SMTP code: 550 Additional SMTP info: 5.4.5 || MEETING [password-normalized]: SMTP Error: data not accepted. | SMTP Error: data not accepted.SMTP server error: DATA command failed Detail: Daily user sending limit exceeded. For more information on Gmail  sending limits go to   https://support.google.com/a/answer/166852 d9443c01a7336-2bd5cfe4973sm223585905ad.41 - gsmtp   SMTP code: 550 Additional SMTP info: 5.4.5
[2026-05-20T14:54:14+02:00] failed to=mannujatt321@gmail.com subject=New Event Scheduled - 30 Minute Meeting message=MEETING: SMTP Error: data not accepted. | SMTP Error: data not accepted.SMTP server error: DATA command failed Detail: Daily user sending limit exceeded. For more information on Gmail  sending limits go to   https://support.google.com/a/answer/166852 41be03b00d2f7-c82bb121ccasm19322058a12.29 - gsmtp   SMTP code: 550 Additional SMTP info: 5.4.5 || MEETING [password-normalized]: SMTP Error: data not accepted. | SMTP Error: data not accepted.SMTP server error: DATA command failed Detail: Daily user sending limit exceeded. For more information on Gmail  sending limits go to   https://support.google.com/a/answer/166852 d2e1a72fcca58-83f19c7c74fsm24940478b3a.49 - gsmtp   SMTP code: 550 Additional SMTP info: 5.4.5
[2026-06-29T09:12:28+02:00] failed to=mannujatt321@gmail.com subject=New Event Scheduled - 30 Minute Meeting message=MEETING: SMTP Error: Could not authenticate. | SMTP Error: Could not authenticate. || DEFAULT: SMTP Error: Could not authenticate. | SMTP Error: Could not authenticate.
[2026-06-29T09:12:37+02:00] failed to=okprincesingh@gmail.com subject=Meeting Confirmation - 30 Minute Meeting message=MEETING: SMTP Error: Could not authenticate. | SMTP Error: Could not authenticate. || DEFAULT: SMTP Error: Could not authenticate. | SMTP Error: Could not authenticate.
[2026-06-29T09:43:58+02:00] sent to=okprincesingh@gmail.com subject=New Event Scheduled - 30 Minute Meeting message=SMTP accepted via default.
[2026-06-29T09:47:15+02:00] sent to=okprincesingh@gmail.com subject=New Event Scheduled - 30 Minute Meeting message=SMTP accepted via default.
[2026-06-29T09:47:16+02:00] sent to=p7068884691@gmail.com subject=Meeting Confirmation - 30 Minute Meeting message=SMTP accepted via default.
[2026-06-29T10:18:43+02:00] sent to=okprincesingh@gmail.com subject=New Event Scheduled - 30 Minute Meeting message=SMTP accepted via default.
[2026-06-29T10:18:45+02:00] sent to=p7068884691@gmail.com subject=Meeting Confirmation - 30 Minute Meeting message=SMTP accepted via default.
[2026-06-29T10:23:42+02:00] sent to=okprincesingh@gmail.com subject=New Event Scheduled - 30 Minute Meeting message=SMTP accepted via default.
[2026-06-29T10:23:43+02:00] sent to=p7068884691@gmail.com subject=Meeting Confirmation - 30 Minute Meeting message=SMTP accepted via default.
[2026-06-29T10:26:21+02:00] sent to=okprincesingh@gmail.com subject=New Event Scheduled - 30 Minute Meeting message=SMTP accepted via default.
[2026-06-29T10:26:22+02:00] sent to=p7068884691@gmail.com subject=Meeting Confirmation - 30 Minute Meeting message=SMTP accepted via default.
[2026-06-29T18:48:26+05:30] sent to=customersupport@nimishaimpex.com subject=New Event Scheduled - 30 Minute Meeting message=SMTP accepted via default.
[2026-06-29T18:48:30+05:30] sent to=okprincesingh@gmail.com subject=Meeting Confirmation - 30 Minute Meeting message=SMTP accepted via default.
[2026-06-29T18:54:09+05:30] sent to=okprincesingh@gmail.com subject=SMTP Test - MyBrandPlease message=SMTP accepted via default.
[2026-06-29T18:55:17+05:30] sent to=okprincesingh@gmail.com subject=SMTP Loader Test - MyBrandPlease message=SMTP accepted via default.
[2026-06-30T14:57:07+05:30] failed to=customersupport@nimishaimpex.com subject=New Event Scheduled - 30 Minute Meeting message=DEFAULT: SMTP Error: Could not authenticate. | SMTP Error: Could not authenticate.
[2026-06-30T14:57:08+05:30] failed to=okprincesingh@gmail.com subject=Meeting Confirmation - 30 Minute Meeting message=DEFAULT: SMTP Error: Could not authenticate. | SMTP Error: Could not authenticate.
[2026-06-30T18:46:55+05:30] sent to=customersupport@nimishaimpex.com subject=Test message=SMTP accepted via default.
[2026-06-30T18:46:59+05:30] sent to=okprincesingh@gmail.com subject=We Received Your Enquiry - MyBrandPlease message=SMTP accepted via default.
[2026-07-02T10:53:25+05:30] sent to=customersupport@nimishaimpex.com subject=New Event Scheduled - 30 Minute Meeting message=SMTP accepted via default.
[2026-07-02T10:53:29+05:30] sent to=okprincesingh@gmail.com subject=Meeting Confirmation - 30 Minute Meeting message=SMTP accepted via default.
[2026-07-02T18:39:15+05:30] sent to=customersupport@nimishaimpex.com subject=New Event Scheduled - 30 Minute Meeting message=SMTP accepted via default.
[2026-07-02T18:39:19+05:30] sent to=okprincesingh@gmail.com subject=Meeting Confirmation - 30 Minute Meeting message=SMTP accepted via default.
[2026-07-16T17:02:11+05:30] failed to=customersupport@nimishaimpex.com subject=New Event Scheduled - 30 Minute Meeting message=DEFAULT: SMTP Error: Could not authenticate. | SMTP Error: Could not authenticate.
[2026-07-16T17:02:14+05:30] failed to=okprincesingh@gmail.com subject=Meeting Confirmation - 30 Minute Meeting message=DEFAULT: SMTP Error: Could not authenticate. | SMTP Error: Could not authenticate.
[2026-07-16T17:04:30+05:30] failed to=customersupport@nimishaimpex.com subject=New Event Scheduled - 30 Minute Meeting message=DEFAULT: SMTP Error: Could not authenticate. | SMTP Error: Could not authenticate.
[2026-07-16T17:04:32+05:30] failed to=okprincesingh@gmail.com subject=Meeting Confirmation - 30 Minute Meeting message=DEFAULT: SMTP Error: Could not authenticate. | SMTP Error: Could not authenticate.
[2026-07-16T17:31:13+05:30] failed to=customersupport@nimishaimpex.com subject=New Event Scheduled - 30 Minute Meeting message=DEFAULT: SMTP Error: Could not authenticate. | SMTP Error: Could not authenticate.
[2026-07-16T17:31:16+05:30] failed to=okprincesingh@gmail.com subject=Meeting Confirmation - 30 Minute Meeting message=DEFAULT: SMTP Error: Could not authenticate. | SMTP Error: Could not authenticate.
[2026-07-16T18:10:44+05:30] failed to=customersupport@nimishaimpex.com subject=New Event Scheduled - 30 Minute Meeting message=DEFAULT: SMTP Error: Could not authenticate. | SMTP Error: Could not authenticate.
[2026-07-16T18:10:46+05:30] failed to=okprincesingh@gmail.com subject=Meeting Confirmation - 30 Minute Meeting message=DEFAULT: SMTP Error: Could not authenticate. | SMTP Error: Could not authenticate.
[2026-07-25T14:38:04+05:30] failed to=customersupport@nimishaimpex.com subject=New Event Scheduled - 30 Minute Meeting message=DEFAULT: SMTP Error: Could not authenticate. | SMTP Error: Could not authenticate.
[2026-07-25T14:38:06+05:30] failed to=okprincesingh@gmail.com subject=Meeting Confirmation - 30 Minute Meeting message=DEFAULT: SMTP Error: Could not authenticate. | SMTP Error: Could not authenticate.
[2026-07-25T15:22:17+05:30] sent to=okprincesingh@gmail.com subject=New Event Scheduled - 30 Minute Meeting message=SMTP accepted via default.
[2026-07-25T15:22:21+05:30] sent to=okprincesingh@gmail.com subject=Meeting Confirmation - 30 Minute Meeting message=SMTP accepted via default.
[2026-07-25T15:27:26+05:30] sent to=okprincesingh@gmail.com subject=New Event Scheduled - 30 Minute Meeting message=SMTP accepted via default.
[2026-07-25T15:27:30+05:30] sent to=okprincesingh@gmail.com subject=Meeting Confirmation - 30 Minute Meeting message=SMTP accepted via default.
[2026-07-25T16:21:49+05:30] sent to=okprincesingh@gmail.com subject=New Event Scheduled - 30 Minute Meeting message=SMTP accepted via default.
[2026-07-25T16:21:53+05:30] sent to=okprincesingh@gmail.com subject=Meeting Confirmation - 30 Minute Meeting message=SMTP accepted via default.
[2026-08-03T14:29:30+05:30] sent to=customersupport@nimishaimpex.com subject=New Website Consultation Request message=SMTP accepted via default.
[2026-08-03T14:29:34+05:30] sent to=okprincesingh@gmail.com subject=We Received Your Enquiry - mybrandplease message=SMTP accepted via default.
[2026-08-03T15:03:41+05:30] sent to=p7068884691@gmail.com subject=Verify your mybrandplease account message=SMTP accepted via default.
